127.0.0.1 - - [26/Jan/2024:11:59:13 +0900] "GET / HTTP/1.1" 404 896
0:0:0:0:0:0:0:1 - - [26/Jan/2024:12:01:53 +0900] "GET / HTTP/1.1" 404 768
0:0:0:0:0:0:0:1 - - [26/Jan/2024:12:01:53 +0900] "GET /favicon.ico HTTP/1.1" 404 779
127.0.0.1 - - [26/Jan/2024:12:12:26 +0900] "GET / HTTP/1.1" 404 896
0:0:0:0:0:0:0:1 - - [26/Jan/2024:12:13:26 +0900] "GET /web/index.html HTTP/1.1" 200 151
127.0.0.1 - - [26/Jan/2024:13:37:50 +0900] "GET / HTTP/1.1" 404 896
0:0:0:0:0:0:0:1 - - [26/Jan/2024:13:39:04 +0900] "GET /ex-web/myPage HTTP/1.1" 404 785
127.0.0.1 - - [26/Jan/2024:13:39:59 +0900] "GET / HTTP/1.1" 404 896
127.0.0.1 - - [26/Jan/2024:13:41:41 +0900] "GET / HTTP/1.1" 404 896
0:0:0:0:0:0:0:1 - - [26/Jan/2024:13:42:16 +0900] "GET /ex-web/myPage.html HTTP/1.1" 404 790
0:0:0:0:0:0:0:1 - - [26/Jan/2024:13:42:53 +0900] "GET /ex-web/user/myPage.html HTTP/1.1" 200 230
127.0.0.1 - - [26/Jan/2024:13:49:30 +0900] "GET / HTTP/1.1" 404 896
0:0:0:0:0:0:0:1 - - [26/Jan/2024:13:49:51 +0900] "GET /ex-web/user/myPage.html HTTP/1.1" 404 799
0:0:0:0:0:0:0:1 - - [26/Jan/2024:13:49:53 +0900] "GET /ex-web/user/myPage.html HTTP/1.1" 404 799
0:0:0:0:0:0:0:1 - - [26/Jan/2024:13:49:58 +0900] "GET /ex-web/user/myPage.html HTTP/1.1" 404 799
0:0:0:0:0:0:0:1 - - [26/Jan/2024:13:50:37 +0900] "GET /ex-web/user/image.html HTTP/1.1" 404 798
0:0:0:0:0:0:0:1 - - [26/Jan/2024:13:50:38 +0900] "GET /ex-web/user/image.html HTTP/1.1" 404 798
127.0.0.1 - - [26/Jan/2024:13:52:04 +0900] "GET / HTTP/1.1" 404 896
0:0:0:0:0:0:0:1 - - [26/Jan/2024:13:52:08 +0900] "GET /ex-web/user/image.html HTTP/1.1" 404 798
0:0:0:0:0:0:0:1 - - [26/Jan/2024:13:52:10 +0900] "GET /ex-web/user/image.html HTTP/1.1" 404 798
127.0.0.1 - - [26/Jan/2024:13:53:52 +0900] "GET / HTTP/1.1" 404 896
0:0:0:0:0:0:0:1 - - [26/Jan/2024:13:53:55 +0900] "GET /ex-web/user/image.html HTTP/1.1" 404 798
0:0:0:0:0:0:0:1 - - [26/Jan/2024:13:53:57 +0900] "GET /ex-web/user/image.html HTTP/1.1" 404 798
0:0:0:0:0:0:0:1 - - [26/Jan/2024:13:54:00 +0900] "GET /ex-web/user/image.html HTTP/1.1" 404 798
0:0:0:0:0:0:0:1 - - [26/Jan/2024:13:54:45 +0900] "GET /ex-web/user/image.html HTTP/1.1" 404 798
0:0:0:0:0:0:0:1 - - [26/Jan/2024:13:54:46 +0900] "GET /ex-web/user/image.html HTTP/1.1" 404 798
127.0.0.1 - - [26/Jan/2024:13:55:35 +0900] "GET / HTTP/1.1" 404 896
0:0:0:0:0:0:0:1 - - [26/Jan/2024:13:55:42 +0900] "GET /ex-web/user/image.html HTTP/1.1" 404 798
127.0.0.1 - - [26/Jan/2024:13:58:32 +0900] "GET / HTTP/1.1" 404 896
0:0:0:0:0:0:0:1 - - [26/Jan/2024:13:58:37 +0900] "GET /ex-web/user/image.html HTTP/1.1" 200 161
0:0:0:0:0:0:0:1 - - [26/Jan/2024:13:58:37 +0900] "GET /ex-web/image/IMG_6271.JPG HTTP/1.1" 404 801
0:0:0:0:0:0:0:1 - - [26/Jan/2024:13:58:42 +0900] "GET /ex-web/user/image.html HTTP/1.1" 304 -
0:0:0:0:0:0:0:1 - - [26/Jan/2024:13:58:42 +0900] "GET /ex-web/image/IMG_6271.JPG HTTP/1.1" 404 801
0:0:0:0:0:0:0:1 - - [26/Jan/2024:13:58:59 +0900] "GET /ex-web/user/image.html HTTP/1.1" 304 -
0:0:0:0:0:0:0:1 - - [26/Jan/2024:13:58:59 +0900] "GET /ex-web/image/IMG_6271.JPG HTTP/1.1" 404 801
0:0:0:0:0:0:0:1 - - [26/Jan/2024:13:59:12 +0900] "GET /ex-web/user/image.html HTTP/1.1" 304 -
0:0:0:0:0:0:0:1 - - [26/Jan/2024:13:59:12 +0900] "GET /ex-web/image/IMG_6271.JPG HTTP/1.1" 404 801
0:0:0:0:0:0:0:1 - - [26/Jan/2024:14:00:23 +0900] "GET /ex-web/user/image.html HTTP/1.1" 200 159
0:0:0:0:0:0:0:1 - - [26/Jan/2024:14:00:23 +0900] "GET /ex-web/img/IMG_6271.JPG HTTP/1.1" 200 1750860
127.0.0.1 - - [26/Jan/2024:14:30:43 +0900] "GET / HTTP/1.1" 404 896
0:0:0:0:0:0:0:1 - - [26/Jan/2024:14:31:34 +0900] "GET /web-basic/HelloServlet HTTP/1.1" 500 3428
0:0:0:0:0:0:0:1 - - [26/Jan/2024:14:32:26 +0900] "GET /web-basic/HelloServlet HTTP/1.1" 404 683
0:0:0:0:0:0:0:1 - - [26/Jan/2024:14:32:30 +0900] "GET /web-basic/HelloServlet HTTP/1.1" 404 683
0:0:0:0:0:0:0:1 - - [26/Jan/2024:14:32:34 +0900] "GET /web-basic/HelloServlet HTTP/1.1" 404 683
127.0.0.1 - - [26/Jan/2024:14:39:08 +0900] "GET / HTTP/1.1" 404 896
0:0:0:0:0:0:0:1 - - [26/Jan/2024:14:39:15 +0900] "GET /web-basic/HelloServlet HTTP/1.1" 500 3428
0:0:0:0:0:0:0:1 - - [26/Jan/2024:14:42:48 +0900] "GET /web-basic/HelloServlet HTTP/1.1" 404 683
0:0:0:0:0:0:0:1 - - [26/Jan/2024:14:42:54 +0900] "GET /web-basic/HelloServlet HTTP/1.1" 404 683
127.0.0.1 - - [26/Jan/2024:14:43:13 +0900] "GET / HTTP/1.1" 404 896
0:0:0:0:0:0:0:1 - - [26/Jan/2024:14:43:17 +0900] "GET /web-basic/HelloServlet HTTP/1.1" 500 3428
127.0.0.1 - - [26/Jan/2024:14:45:41 +0900] "GET / HTTP/1.1" 404 896
0:0:0:0:0:0:0:1 - - [26/Jan/2024:14:45:46 +0900] "GET /web-basic/HelloServlet HTTP/1.1" 500 3428
0:0:0:0:0:0:0:1 - - [26/Jan/2024:14:45:48 +0900] "GET /web-basic/HelloServlet HTTP/1.1" 404 683
0:0:0:0:0:0:0:1 - - [26/Jan/2024:14:45:51 +0900] "GET /web-basic/HelloServlet HTTP/1.1" 404 683
0:0:0:0:0:0:0:1 - - [26/Jan/2024:14:45:52 +0900] "GET /web-basic/HelloServlet HTTP/1.1" 404 683
0:0:0:0:0:0:0:1 - - [26/Jan/2024:14:46:36 +0900] "GET /web-basic/HelloServlet HTTP/1.1" 404 683
0:0:0:0:0:0:0:1 - - [26/Jan/2024:14:48:55 +0900] "GET /web-basic/HelloServlet HTTP/1.1" 404 683
127.0.0.1 - - [26/Jan/2024:14:50:55 +0900] "GET / HTTP/1.1" 404 896
0:0:0:0:0:0:0:1 - - [26/Jan/2024:14:51:00 +0900] "GET /web-basic/HelloServlet HTTP/1.1" 500 3428
127.0.0.1 - - [26/Jan/2024:14:51:35 +0900] "GET / HTTP/1.1" 404 896
0:0:0:0:0:0:0:1 - - [26/Jan/2024:14:51:40 +0900] "GET /web-basic/HelloServlet HTTP/1.1" 200 15
127.0.0.1 - - [26/Jan/2024:15:00:04 +0900] "GET / HTTP/1.1" 404 896
0:0:0:0:0:0:0:1 - - [26/Jan/2024:15:00:49 +0900] "GET /web_basic/view/ch06/hello.jsp HTTP/1.1" 404 795
0:0:0:0:0:0:0:1 - - [26/Jan/2024:15:01:01 +0900] "GET /web-basic/view/hello.jsp HTTP/1.1" 404 772
0:0:0:0:0:0:0:1 - - [26/Jan/2024:15:01:05 +0900] "GET /web-basic/view/hello.jsp HTTP/1.1" 404 772
0:0:0:0:0:0:0:1 - - [26/Jan/2024:15:01:09 +0900] "GET /web-basic/view/hello.jsp HTTP/1.1" 404 772
0:0:0:0:0:0:0:1 - - [26/Jan/2024:15:01:10 +0900] "GET /web-basic/view/hello.jsp HTTP/1.1" 404 772
127.0.0.1 - - [26/Jan/2024:15:01:27 +0900] "GET / HTTP/1.1" 404 896
0:0:0:0:0:0:0:1 - - [26/Jan/2024:15:01:35 +0900] "GET /web-basic/view/hello.jsp HTTP/1.1" 404 772
0:0:0:0:0:0:0:1 - - [26/Jan/2024:15:02:05 +0900] "GET /web-basic/view/hello.jsp HTTP/1.1" 404 772
0:0:0:0:0:0:0:1 - - [26/Jan/2024:15:02:10 +0900] "GET /web-basic/view/hello.jsp HTTP/1.1" 404 772
0:0:0:0:0:0:0:1 - - [26/Jan/2024:15:05:40 +0900] "GET /web-basic/HelloServlet HTTP/1.1" 200 15
0:0:0:0:0:0:0:1 - - [26/Jan/2024:15:05:45 +0900] "GET /web-basic/view/hello.jsp HTTP/1.1" 404 772
0:0:0:0:0:0:0:1 - - [26/Jan/2024:15:05:50 +0900] "GET /web-basic/HelloServlet HTTP/1.1" 200 15
0:0:0:0:0:0:0:1 - - [26/Jan/2024:15:05:57 +0900] "GET /web-basic/view/hello.jsp HTTP/1.1" 404 772
0:0:0:0:0:0:0:1 - - [26/Jan/2024:15:13:18 +0900] "GET /web-basic/view/hello.jsp HTTP/1.1" 404 772
127.0.0.1 - - [26/Jan/2024:15:13:50 +0900] "GET / HTTP/1.1" 404 896
127.0.0.1 - - [26/Jan/2024:15:14:52 +0900] "GET / HTTP/1.1" 404 896
0:0:0:0:0:0:0:1 - - [26/Jan/2024:15:17:52 +0900] "GET /web-basic/view/hello.jsp HTTP/1.1" 404 772
0:0:0:0:0:0:0:1 - - [26/Jan/2024:15:18:56 +0900] "GET /view/hello.jsp HTTP/1.1" 404 772
0:0:0:0:0:0:0:1 - - [26/Jan/2024:15:18:59 +0900] "GET /view/hello.jsp HTTP/1.1" 404 772
0:0:0:0:0:0:0:1 - - [26/Jan/2024:15:19:52 +0900] "GET /view/hello.jsp HTTP/1.1" 404 772
0:0:0:0:0:0:0:1 - - [26/Jan/2024:15:20:40 +0900] "GET /web-basic/view/hello.jsp HTTP/1.1" 404 772
0:0:0:0:0:0:0:1 - - [26/Jan/2024:15:20:41 +0900] "GET /web-basic/view/hello.jsp HTTP/1.1" 404 772
0:0:0:0:0:0:0:1 - - [26/Jan/2024:15:20:45 +0900] "GET /web-basic/view/hello.jsp HTTP/1.1" 404 772
0:0:0:0:0:0:0:1 - - [26/Jan/2024:15:20:52 +0900] "GET /view/hello.jsp HTTP/1.1" 404 772
0:0:0:0:0:0:0:1 - - [26/Jan/2024:15:20:55 +0900] "GET /view/hello.jsp HTTP/1.1" 404 772
0:0:0:0:0:0:0:1 - - [26/Jan/2024:15:20:55 +0900] "GET /view/hello.jsp HTTP/1.1" 404 772
0:0:0:0:0:0:0:1 - - [26/Jan/2024:15:21:23 +0900] "GET /view/hello HTTP/1.1" 404 782
0:0:0:0:0:0:0:1 - - [26/Jan/2024:15:21:24 +0900] "GET /view/hello HTTP/1.1" 404 782
0:0:0:0:0:0:0:1 - - [26/Jan/2024:15:21:26 +0900] "GET /view/hello HTTP/1.1" 404 782
127.0.0.1 - - [26/Jan/2024:15:27:05 +0900] "GET / HTTP/1.1" 404 896
127.0.0.1 - - [26/Jan/2024:15:29:59 +0900] "GET / HTTP/1.1" 404 896
0:0:0:0:0:0:0:1 - - [26/Jan/2024:15:30:32 +0900] "GET /web_basic/view/ch06/hello.jsp HTTP/1.1" 404 795
0:0:0:0:0:0:0:1 - - [26/Jan/2024:15:30:34 +0900] "GET /web_basic/view/ch06/hello.jsp HTTP/1.1" 404 795
0:0:0:0:0:0:0:1 - - [26/Jan/2024:15:30:35 +0900] "GET /web_basic/view/ch06/hello.jsp HTTP/1.1" 404 795
0:0:0:0:0:0:0:1 - - [26/Jan/2024:15:30:44 +0900] "GET /web-basic/view/ch06/hello.jsp HTTP/1.1" 404 781
0:0:0:0:0:0:0:1 - - [26/Jan/2024:15:30:49 +0900] "GET /web-basic/view/ch06/hello.jsp HTTP/1.1" 404 781
0:0:0:0:0:0:0:1 - - [26/Jan/2024:15:30:50 +0900] "GET /web-basic/view/ch06/hello.jsp HTTP/1.1" 404 781
0:0:0:0:0:0:0:1 - - [26/Jan/2024:15:30:50 +0900] "GET /web-basic/view/ch06/hello.jsp HTTP/1.1" 404 781
0:0:0:0:0:0:0:1 - - [26/Jan/2024:15:30:50 +0900] "GET /web-basic/view/ch06/hello.jsp HTTP/1.1" 404 781
0:0:0:0:0:0:0:1 - - [26/Jan/2024:15:30:51 +0900] "GET /web-basic/view/ch06/hello.jsp HTTP/1.1" 404 781
0:0:0:0:0:0:0:1 - - [26/Jan/2024:15:30:51 +0900] "GET /web-basic/view/ch06/hello.jsp HTTP/1.1" 404 781
0:0:0:0:0:0:0:1 - - [26/Jan/2024:15:30:51 +0900] "GET /web-basic/view/ch06/hello.jsp HTTP/1.1" 404 781
0:0:0:0:0:0:0:1 - - [26/Jan/2024:15:30:55 +0900] "GET /web-basic/view/ch06/hello.jsp HTTP/1.1" 404 781
0:0:0:0:0:0:0:1 - - [26/Jan/2024:15:30:56 +0900] "GET /web-basic/view/ch06/hello.jsp HTTP/1.1" 404 781
0:0:0:0:0:0:0:1 - - [26/Jan/2024:15:30:58 +0900] "GET /web-basic/view/ch06/hello.js HTTP/1.1" 404 808
0:0:0:0:0:0:0:1 - - [26/Jan/2024:15:31:03 +0900] "GET /web-basic/view/ch06/hello.js HTTP/1.1" 404 808
0:0:0:0:0:0:0:1 - - [26/Jan/2024:15:31:04 +0900] "GET /web-basic/view/ch06/hello.js HTTP/1.1" 404 808
0:0:0:0:0:0:0:1 - - [26/Jan/2024:15:31:09 +0900] "GET /web-basic/view/ch06/hello.jsp HTTP/1.1" 404 781
0:0:0:0:0:0:0:1 - - [26/Jan/2024:15:31:12 +0900] "GET /web-basic/view/ch06/hello.jsp HTTP/1.1" 404 781
0:0:0:0:0:0:0:1 - - [26/Jan/2024:15:31:13 +0900] "GET /web-basic/view/ch06/hello.jsp HTTP/1.1" 404 781
0:0:0:0:0:0:0:1 - - [26/Jan/2024:15:31:13 +0900] "GET /web-basic/view/ch06/hello.jsp HTTP/1.1" 404 781
127.0.0.1 - - [26/Jan/2024:15:36:50 +0900] "GET / HTTP/1.1" 404 896
0:0:0:0:0:0:0:1 - - [26/Jan/2024:15:37:12 +0900] "GET /web-basic/view/ch06/hello.jsp HTTP/1.1" 200 89
127.0.0.1 - - [26/Jan/2024:16:12:19 +0900] "GET / HTTP/1.1" 404 896
0:0:0:0:0:0:0:1 - - [26/Jan/2024:16:13:43 +0900] "GET /web-basic/UseForwardServlet1 HTTP/1.1" 500 3431
0:0:0:0:0:0:0:1 - - [26/Jan/2024:16:13:46 +0900] "GET /web-basic/UseForwardServlet1 HTTP/1.1" 404 683
0:0:0:0:0:0:0:1 - - [26/Jan/2024:16:13:49 +0900] "GET /web-basic/UseForwardServlet1 HTTP/1.1" 404 683
127.0.0.1 - - [26/Jan/2024:16:15:00 +0900] "GET / HTTP/1.1" 404 896
0:0:0:0:0:0:0:1 - - [26/Jan/2024:16:15:07 +0900] "GET /web-basic/UseForwardServlet1 HTTP/1.1" 500 3431
0:0:0:0:0:0:0:1 - - [26/Jan/2024:16:15:13 +0900] "GET /web-basic/UseForwardServlet1 HTTP/1.1" 404 683
127.0.0.1 - - [26/Jan/2024:16:17:15 +0900] "GET / HTTP/1.1" 404 896
0:0:0:0:0:0:0:1 - - [26/Jan/2024:16:17:24 +0900] "GET /web-basic/UseForwardServlet1 HTTP/1.1" 500 3431
0:0:0:0:0:0:0:1 - - [26/Jan/2024:16:17:27 +0900] "GET /web-basic/UseForwardServlet1 HTTP/1.1" 404 683
127.0.0.1 - - [26/Jan/2024:16:18:43 +0900] "GET / HTTP/1.1" 404 896
0:0:0:0:0:0:0:1 - - [26/Jan/2024:16:18:49 +0900] "GET /web-basic/UseForwardServlet1 HTTP/1.1" 500 3431
0:0:0:0:0:0:0:1 - - [26/Jan/2024:16:18:54 +0900] "GET /web-basic/UseForwardServlet1 HTTP/1.1" 404 683
127.0.0.1 - - [26/Jan/2024:16:20:51 +0900] "GET / HTTP/1.1" 404 896
127.0.0.1 - - [26/Jan/2024:16:21:31 +0900] "GET / HTTP/1.1" 404 896
0:0:0:0:0:0:0:1 - - [26/Jan/2024:16:21:41 +0900] "GET /web-basic/UseForwardServlet1 HTTP/1.1" 500 3431
127.0.0.1 - - [26/Jan/2024:16:24:04 +0900] "GET / HTTP/1.1" 404 896
0:0:0:0:0:0:0:1 - - [26/Jan/2024:16:24:12 +0900] "GET /web-basic/UseForwardServlet1 HTTP/1.1" 500 3431
0:0:0:0:0:0:0:1 - - [26/Jan/2024:16:24:16 +0900] "GET /web-basic/UseForwardServlet1 HTTP/1.1" 404 683
0:0:0:0:0:0:0:1 - - [26/Jan/2024:16:24:22 +0900] "GET /web-basic/UseForwardServlet1 HTTP/1.1" 404 683
0:0:0:0:0:0:0:1 - - [26/Jan/2024:16:25:05 +0900] "GET /web-basic/UseForwardServlet1 HTTP/1.1" 404 683
127.0.0.1 - - [26/Jan/2024:16:27:52 +0900] "GET / HTTP/1.1" 404 896
0:0:0:0:0:0:0:1 - - [26/Jan/2024:16:28:12 +0900] "GET /web-basic/UseForwardServlet1 HTTP/1.1" 500 3431
127.0.0.1 - - [26/Jan/2024:16:31:33 +0900] "GET / HTTP/1.1" 404 896
0:0:0:0:0:0:0:1 - - [26/Jan/2024:16:31:56 +0900] "GET /web-basic/UseForwardServlet1 HTTP/1.1" 500 3431
0:0:0:0:0:0:0:1 - - [26/Jan/2024:16:31:59 +0900] "GET /web-basic/UseForwardServlet1 HTTP/1.1" 404 683
127.0.0.1 - - [26/Jan/2024:16:32:55 +0900] "GET / HTTP/1.1" 404 896
0:0:0:0:0:0:0:1 - - [26/Jan/2024:16:33:07 +0900] "GET /web-basic/UseForwardServlet1 HTTP/1.1" 200 147
127.0.0.1 - - [26/Jan/2024:16:48:23 +0900] "GET / HTTP/1.1" 404 896
0:0:0:0:0:0:0:1 - - [26/Jan/2024:16:49:17 +0900] "GET /web-basic/UseRequestServlet1 HTTP/1.1" 500 3431
127.0.0.1 - - [26/Jan/2024:16:53:48 +0900] "GET / HTTP/1.1" 404 896
0:0:0:0:0:0:0:1 - - [26/Jan/2024:16:53:57 +0900] "GET /web-basic/UseRequestServlet1 HTTP/1.1" 500 3431
127.0.0.1 - - [26/Jan/2024:16:56:19 +0900] "GET / HTTP/1.1" 404 896
0:0:0:0:0:0:0:1 - - [26/Jan/2024:16:56:40 +0900] "GET /web-basic/UseRequestServlet1 HTTP/1.1" 500 3431
0:0:0:0:0:0:0:1 - - [26/Jan/2024:17:00:23 +0900] "GET /web-basic/UseRequestServlet1 HTTP/1.1" 404 683
0:0:0:0:0:0:0:1 - - [26/Jan/2024:17:11:24 +0900] "GET /web_basic/UseForwardServlet1 HTTP/1.1" 404 800
0:0:0:0:0:0:0:1 - - [26/Jan/2024:17:11:30 +0900] "GET /web_basic/UseForwardServlet1 HTTP/1.1" 404 800
0:0:0:0:0:0:0:1 - - [26/Jan/2024:17:11:42 +0900] "GET /web-basic/UseForwardServlet1 HTTP/1.1" 404 800
0:0:0:0:0:0:0:1 - - [26/Jan/2024:17:11:48 +0900] "GET /web-basic/UseForwardServlet1 HTTP/1.1" 404 800
0:0:0:0:0:0:0:1 - - [26/Jan/2024:17:15:43 +0900] "GET /web-basic/UseForwardServlet1 HTTP/1.1" 404 800
127.0.0.1 - - [26/Jan/2024:17:19:55 +0900] "GET / HTTP/1.1" 404 896
0:0:0:0:0:0:0:1 - - [26/Jan/2024:17:20:04 +0900] "GET /web-basic/UseForwardServlet1 HTTP/1.1" 404 800
0:0:0:0:0:0:0:1 - - [26/Jan/2024:17:20:07 +0900] "GET /web-basic/UseForwardServlet1 HTTP/1.1" 404 800
127.0.0.1 - - [26/Jan/2024:17:20:56 +0900] "GET / HTTP/1.1" 404 896
0:0:0:0:0:0:0:1 - - [26/Jan/2024:17:21:36 +0900] "GET /web_basic/UseRequestServlet1 HTTP/1.1" 404 800
0:0:0:0:0:0:0:1 - - [26/Jan/2024:17:21:38 +0900] "GET /web_basic/UseRequestServlet1 HTTP/1.1" 404 800
0:0:0:0:0:0:0:1 - - [26/Jan/2024:17:21:41 +0900] "GET /web_basic/UseRequestServlet1 HTTP/1.1" 404 800
0:0:0:0:0:0:0:1 - - [26/Jan/2024:17:21:47 +0900] "GET /web-basic/UseRequestServlet1 HTTP/1.1" 200 173
0:0:0:0:0:0:0:1 - - [26/Jan/2024:17:21:49 +0900] "GET /web-basic/UseRequestServlet1 HTTP/1.1" 200 173
